[2J[01;01H[=3h[2J[01;01H[2J[01;01H[=3h[2J[01;01HBdsDxe: loading Boot0001 "UEFI QEMU HARDDISK QM00017 " from PciRoot(0x0)/Pci(0x2,0x0)/Sata(0x2,0xFFFF,0x0)
BdsDxe: starting Boot0001 "UEFI QEMU HARDDISK QM00017 " from PciRoot(0x0)/Pci(0x2,0x0)/Sata(0x2,0xFFFF,0x0)
OCC: Missing compatible GOP - Not Found
OCC: Missing GOP on ConOut - Unsupported
OC: Changed resolution to 1920x1080@0 (max: 0, force: 0) from 1920x1080@32 - Unsupported
OCUI: Failed to initialise output
OCB: External interface ShowMenu failure, fallback to builtin - Unsupported
[2J[01;01H[2J[01;01HOpenCore Boot Menu (REL-105-2025-07-07)

* 1. MacOS[04;01H  2. Recovery 15.7.9 (dmg)[05;01H  3. UEFI Shell[06;01H
 |Shutdown|  |Restart|

Choose the Operating System: Timeout
#[EB|LOG:VERBOSE] 2026-09-10T14:17:26
#[EB.CSR.S|VAR] 0x00000067
#[EB|OPT:BM] 0x80182
#[EB|P:CPR] N
#[EB|P:MPI] N
#[EB|P:BPI] N
#[EB.OPT.RKS|!] Err(0xE) <- BS.LocP EDB4A040-6D8A-11EC-8FAD-3E22FB93ADCF
#[EB|KMR] 207597568
#[EB.CS.CSKSD|+]
#[EB.CS.CSKSD|!] Err(0xE) <- RT.GV boot-info-payload 8D63D4FE-BD3C-4AAD-881D-86FD974BC1DF
#[EB|WL] 0 0 0x01 0x01   6 0x0E
#[EB.CS.LFC|+]
#[EB.LD.LF|IN] 0 1 <"System\\Library\\Caches\\com.apple.corestorage\\EncryptedRoot.plist.wipekey"> <"0">
#[EB.FS.AGSVH|PU] 1219B857-6480-4B0E-A6B0-FB3201869365
#[EB.FS.AGSVH|!] Err(0xE) <- BS.LocHB 59D76AE4-37E3-55A7-B460-EF13D46E6020
#[EB.G.CS|-?] Ok(0)
#[EB.LD.LF|IN] 0 1 <"<null string>"> <"1">
#[EB.B.SBS|SZ] 723512
#[EB|B:SHA] <f72e9812e04a5c4cf18a14c4652453073d2d9027>
#[EB.WL.PWLFNV|!] Err(0xE) <- RT.GV wake-failure 7C436110-AB2A-4BBB-A880-FE41995C9F82
#[EB.WL.DT|!] Err(0xE) <- EB.WL.PWLFNV
#[EB|WL:DT] 0xffffffff
#[EB.LD.LKC|D] <"boot\System\Library\KernelCollections\BootKernelExtensions.kc.development">
#[EB.LD.OFS|OPEN!] Err(0xE) <"boot\\System\\Library\\KernelCollections\\BootKernelExtensions.kc.development">
#[EB.LD.LKC|R.2] <"boot\System\Library\KernelCollections\BootKernelExtensions.kc">
#[EB.LD.LKFS|-?] Ok(0)
#[EB.LD.LKC|-?] Ok(0)
#[EB|BST:REV1]
#[EB|CSR:OUT] 0x00000067
#[EB.BST.FBS|+]
#[EB.BST.FBS|ADSZ] 0
#[EB.BST.FBS|KSSZ] 0
#[EB|SB:SBGMFNS] x86legacyap.im4m
#[EB|RH:PF] usr\standalone\OS.dmg.root_hash
#[EB|RH:MF] <"usr\\standalone\\OS.dmg.root_hash.x86legacyap.im4m">
#[EB.LD.LF|IN] 0 1 <"usr\\standalone\\OS.dmg.root_hash"> <"0">
#[EB.LD.LF|IN] 0 1 <"usr\\standalone\\OS.dmg.root_hash.x86legacyap.im4m"> <"0">
#[EB.BST.FBS|RHPSZ] 229
#[EB.BST.FBS|RHMSZ] 3658
#[EB|LOG:DT] 2026-09-10T14:17:26
#[EB|LOG:EXITBS:START] 2026-09-10T14:17:26

RGPU_UART_READY v=1 b=68b28f81b7d5404cb69a7baf2f6117c5 port=2

RGPU_CR2 v=1 b=68b28f81b7d5404cb69a7baf2f6117c5 s=00000000 r=0000 p=00/02 n=28 c=ebf2bf04 d=4255494c443a206964656e746974793d363862323866383162376435343034636236396137626166
RGPU_CR2 v=1 b=68b28f81b7d5404cb69a7baf2f6117c5 s=00000000 r=0000 p=01/02 n=08 c=de51782f d=3266363131376335
RGPU_END2 v=1 b=68b28f81b7d5404cb69a7baf2f6117c5 s=00000000 first=0000 count=0001 drop=0000000000000000 trunc=0000000000000000 bytes=00000030 chunks=00000002 crc=c681b3ee fnv=648965a01f94f319 state=complete

RGPU_CR2 v=1 b=68b28f81b7d5404cb69a7baf2f6117c5 s=00000001 r=0000 p=00/02 n=28 c=64aa9017 d=4255494c443a206964656e746974793d363862323866383162376435343034636236396137626166
RGPU_CR2 v=1 b=68b28f81b7d5404cb69a7baf2f6117c5 s=00000001 r=0000 p=01/02 n=08 c=59f7b36c d=3266363131376335
RGPU_END2 v=1 b=68b28f81b7d5404cb69a7baf2f6117c5 s=00000001 first=0000 count=0001 drop=0000000000000000 trunc=0000000000000000 bytes=00000030 chunks=00000002 crc=9c821321 fnv=7b626031dd01aeb0 state=complete

RGPU_CR2 v=1 b=68b28f81b7d5404cb69a7baf2f6117c5 s=00000002 r=0000 p=00/02 n=28 c=2e33e763 d=4255494c443a206964656e746974793d363862323866383162376435343034636236396137626166
RGPU_CR2 v=1 b=68b28f81b7d5404cb69a7baf2f6117c5 s=00000002 r=0000 p=01/02 n=08 c=0a6de8e8 d=3266363131376335
RGPU_END2 v=1 b=68b28f81b7d5404cb69a7baf2f6117c5 s=00000002 first=0000 count=0001 drop=0000000000000000 trunc=0000000000000000 bytes=00000030 chunks=00000002 crc=7286f270 fnv=f217de8f1790a6f3 state=complete

RGPU_CR2 v=1 b=68b28f81b7d5404cb69a7baf2f6117c5 s=00000003 r=0000 p=00/02 n=28 c=a16bc870 d=4255494c443a206964656e746974793d363862323866383162376435343034636236396137626166
RGPU_CR2 v=1 b=68b28f81b7d5404cb69a7baf2f6117c5 s=00000003 r=0000 p=01/02 n=08 c=8dcb23ab d=3266363131376335
RGPU_END2 v=1 b=68b28f81b7d5404cb69a7baf2f6117c5 s=00000003 first=0000 count=0001 drop=0000000000000000 trunc=0000000000000000 bytes=00000030 chunks=00000002 crc=288552bf fnv=06c96be678c705aa state=complete
